`node migrate --help` output:

...

`node migrate up` output:

{ event: 'migrating', name: '<<timestamp>>.users-table.js' }
{
  event: 'migrated',
  name: '<<timestamp>>.users-table.js',
  durationSeconds: ???
}
{ event: 'up', message: 'applied 1 migrations.' }

`node migrate down` output:

{ event: 'reverting', name: '<<timestamp>>.users-table.js' }
{
  event: 'reverted',
  name: '<<timestamp>>.users-table.js',
  durationSeconds: ???
}
{ event: 'down', message: 'reverted 1 migrations.' }

`node migrate create --name new-migration.js` output:

{
  event: 'created',
  path: '<<cwd>>/examples/0-vanilla/migrations/<<timestamp>>.new-migration.js'
}

`node migrate up` output:

{ event: 'migrating', name: '<<timestamp>>.users-table.js' }
{
  event: 'migrated',
  name: '<<timestamp>>.users-table.js',
  durationSeconds: ???
}
{ event: 'migrating', name: '<<timestamp>>.new-migration.js' }
{
  event: 'migrated',
  name: '<<timestamp>>.new-migration.js',
  durationSeconds: ???
}
{ event: 'up', message: 'applied 2 migrations.' }

`node migrate down --to 0` output:

{ event: 'reverting', name: '<<timestamp>>.new-migration.js' }
{
  event: 'reverted',
  name: '<<timestamp>>.new-migration.js',
  durationSeconds: ???
}
{ event: 'reverting', name: '<<timestamp>>.users-table.js' }
{
  event: 'reverted',
  name: '<<timestamp>>.users-table.js',
  durationSeconds: ???
}
{ event: 'down', message: 'reverted 2 migrations.' }